---
http_interactions:
- request:
    method: get
    uri: https://api.contentful.com/spaces/bfsvtul0c41g/environments/master/locales/0ywTmGkjR0YhmbYaSmV1CS
    body:
      encoding: US-ASCII
      string: ''
    headers:
      User-Agent:
      - RubyContenfulManagementGem/0.0.2
      Authorization:
      - Bearer <ACCESS_TOKEN>
      Content-Type:
      - application/vnd.contentful.management.v1+json
      Content-Length:
      - '0'
      Host:
      - api.contentful.com
  response:
    status:
      code: 200
      message: OK
    headers:
      Server:
      - nginx
      Date:
      - Tue, 19 Aug 2014 13:10:17 GMT
      Content-Type:
      - application/vnd.contentful.management.v1+json
      Content-Length:
      - '698'
      Connection:
      - keep-alive
      Status:
      - 200 OK
      X-Contentful-Request-Id:
      - 85f-1214636521
      Etag:
      - '"45709e67e0ddcb9dd587c04cc8bb647e"'
      Accept-Ranges:
      - bytes
      Cache-Control:
      - max-age=0
      Access-Control-Allow-Origin:
      - "*"
      Access-Control-Allow-Headers:
      - Accept,Accept-Language,Authorization,Cache-Control,Content-Length,Content-Range,Content-Type,DNT,Destination,Expires,If-Match,If-Modified-Since,If-None-Match,Keep-Alive,Last-Modified,Origin,Pragma,Range,User-Agent,X-Http-Method-Override,X-Mx-ReqToken,X-Requested-With,X-Contentful-Version,X-Contentful-Content-Type,X-Contentful-Organization
      Access-Control-Allow-Methods:
      - DELETE,GET,HEAD,POST,PUT,OPTIONS
      "^access-Control-Expose-Headers":
      - Etag
      Access-Control-Max-Age:
      - '1728000'
    body:
      encoding: UTF-8
      string: |
        {
          "sys":{
            "type":"Locale",
            "id":"0ywTmGkjR0YhmbYaSmV1CS",
            "version":3,
            "space":{
              "sys":{
                "type":"Link",
                "linkType":"Space",
                "id":"bfsvtul0c41g"
              }
            },
            "createdBy":{
              "sys":{
                "type":"Link",
                "linkType":"User",
                "id":"1E7acJL8I5XUXAMHQt9Grs"
              }
            },
            "createdAt":"2014-08-18T06:51:57Z",
            "updatedBy":{
              "sys":{
                "type":"Link",
                "linkType":"User",
                "id":"1E7acJL8I5XUXAMHQt9Grs"
              }
            },
            "updatedAt":"2014-08-19T13:00:19Z"
          },
          "name":"Polish PL",
          "code":"pl-PL",
          "default":false,
          "contentManagementApi":true,
          "publish":true,
          "contentDeliveryApi":true}
    http_version: 
  recorded_at: Tue, 19 Aug 2014 13:10:10 GMT
- request:
    method: get
    uri: https://api.contentful.com/spaces/bfsvtul0c41g/environments/master/locales/0ywTmGkjR0YhmbYaSmV1CS
    body:
      encoding: US-ASCII
      string: ''
    headers:
      User-Agent:
      - RubyContenfulManagementGem/0.0.2
      Authorization:
      - Bearer <ACCESS_TOKEN>
      Content-Type:
      - application/vnd.contentful.management.v1+json
      Content-Length:
      - '0'
      Host:
      - api.contentful.com
  response:
    status:
      code: 200
      message: OK
    headers:
      Server:
      - nginx
      Date:
      - Tue, 19 Aug 2014 13:10:18 GMT
      Content-Type:
      - application/vnd.contentful.management.v1+json
      Content-Length:
      - '698'
      Connection:
      - keep-alive
      Status:
      - 200 OK
      X-Contentful-Request-Id:
      - 85f-1214636526
      Etag:
      - '"45709e67e0ddcb9dd587c04cc8bb647e"'
      Accept-Ranges:
      - bytes
      Cache-Control:
      - max-age=0
      Access-Control-Allow-Origin:
      - "*"
      Access-Control-Allow-Headers:
      - Accept,Accept-Language,Authorization,Cache-Control,Content-Length,Content-Range,Content-Type,DNT,Destination,Expires,If-Match,If-Modified-Since,If-None-Match,Keep-Alive,Last-Modified,Origin,Pragma,Range,User-Agent,X-Http-Method-Override,X-Mx-ReqToken,X-Requested-With,X-Contentful-Version,X-Contentful-Content-Type,X-Contentful-Organization
      Access-Control-Allow-Methods:
      - DELETE,GET,HEAD,POST,PUT,OPTIONS
      "^access-Control-Expose-Headers":
      - Etag
      Access-Control-Max-Age:
      - '1728000'
    body:
      encoding: UTF-8
      string: |
        {
          "sys":{
            "type":"Locale",
            "id":"0ywTmGkjR0YhmbYaSmV1CS",
            "version":3,
            "space":{
              "sys":{
                "type":"Link",
                "linkType":"Space",
                "id":"bfsvtul0c41g"
              }
            },
            "createdBy":{
              "sys":{
                "type":"Link",
                "linkType":"User",
                "id":"1E7acJL8I5XUXAMHQt9Grs"
              }
            },
            "createdAt":"2014-08-18T06:51:57Z",
            "updatedBy":{
              "sys":{
                "type":"Link",
                "linkType":"User",
                "id":"1E7acJL8I5XUXAMHQt9Grs"
              }
            },
            "updatedAt":"2014-08-19T13:00:19Z"
          },
          "name":"Polish PL",
          "code":"pl-PL",
          "default":false,
          "contentManagementApi":true,
          "publish":true,
          "contentDeliveryApi":true}
    http_version: 
  recorded_at: Tue, 19 Aug 2014 13:10:11 GMT
- request:
    method: put
    uri: https://api.contentful.com/spaces/bfsvtul0c41g/environments/master/locales/0ywTmGkjR0YhmbYaSmV1CS
    body:
      encoding: UTF-8
      string: '{"name":"Polish PL"}'
    headers:
      User-Agent:
      - RubyContenfulManagementGem/0.0.2
      Authorization:
      - Bearer <ACCESS_TOKEN>
      Content-Type:
      - application/vnd.contentful.management.v1+json
      X-Contentful-Version:
      - '3'
      Host:
      - api.contentful.com
  response:
    status:
      code: 200
      message: OK
    headers:
      Server:
      - nginx
      Date:
      - Tue, 19 Aug 2014 13:10:19 GMT
      Content-Type:
      - application/vnd.contentful.management.v1+json
      Content-Length:
      - '698'
      Connection:
      - keep-alive
      Status:
      - 200 OK
      X-Contentful-Request-Id:
      - 85f-1214636535
      Etag:
      - '"45709e67e0ddcb9dd587c04cc8bb647e"'
      Accept-Ranges:
      - bytes
      Cache-Control:
      - max-age=0
      Access-Control-Allow-Origin:
      - "*"
      Access-Control-Allow-Headers:
      - Accept,Accept-Language,Authorization,Cache-Control,Content-Length,Content-Range,Content-Type,DNT,Destination,Expires,If-Match,If-Modified-Since,If-None-Match,Keep-Alive,Last-Modified,Origin,Pragma,Range,User-Agent,X-Http-Method-Override,X-Mx-ReqToken,X-Requested-With,X-Contentful-Version,X-Contentful-Content-Type,X-Contentful-Organization
      Access-Control-Allow-Methods:
      - DELETE,GET,HEAD,POST,PUT,OPTIONS
      "^access-Control-Expose-Headers":
      - Etag
      Access-Control-Max-Age:
      - '1728000'
    body:
      encoding: UTF-8
      string: |
        {
          "sys":{
            "type":"Locale",
            "id":"0ywTmGkjR0YhmbYaSmV1CS",
            "version":3,
            "space":{
              "sys":{
                "type":"Link",
                "linkType":"Space",
                "id":"bfsvtul0c41g"
              }
            },
            "createdBy":{
              "sys":{
                "type":"Link",
                "linkType":"User",
                "id":"1E7acJL8I5XUXAMHQt9Grs"
              }
            },
            "createdAt":"2014-08-18T06:51:57Z",
            "updatedBy":{
              "sys":{
                "type":"Link",
                "linkType":"User",
                "id":"1E7acJL8I5XUXAMHQt9Grs"
              }
            },
            "updatedAt":"2014-08-19T13:00:19Z"
          },
          "name":"Polish PL",
          "code":"pl-PL",
          "default":false,
          "contentManagementApi":true,
          "publish":true,
          "contentDeliveryApi":true}
    http_version: 
  recorded_at: Tue, 19 Aug 2014 13:10:12 GMT
recorded_with: VCR 2.9.2
