---
http_interactions:
- request:
    method: get
    uri: https://api.contentful.com/spaces/u2viwgfeal0o/environments/master/entries/fIpsfQSOd22IsqMQCiG0K
    body:
      encoding: US-ASCII
      string: ''
    headers:
      User-Agent:
      - RubyContentfulManagementGem/0.7.3
      Authorization:
      - Bearer <ACCESS_TOKEN>
      Content-Type:
      - application/vnd.contentful.management.v1+json
      Content-Length:
      - '0'
      Connection:
      - close
      Host:
      - api.contentful.com
  response:
    status:
      code: 200
      message: OK
    headers:
      Access-Control-Allow-Headers:
      - Accept,Accept-Language,Authorization,Cache-Control,Content-Length,Content-Range,Content-Type,DNT,Destination,Expires,If-Match,If-Modified-Since,If-None-Match,Keep-Alive,Last-Modified,Origin,Pragma,Range,User-Agent,X-Http-Method-Override,X-Mx-ReqToken,X-Requested-With,X-Contentful-Version,X-Contentful-Content-Type,X-Contentful-Organization,X-Contentful-Skip-Transformation
      Access-Control-Allow-Methods:
      - DELETE,GET,HEAD,POST,PUT,OPTIONS
      Access-Control-Allow-Origin:
      - "*"
      Access-Control-Expose-Headers:
      - Etag
      Access-Control-Max-Age:
      - '1728000'
      Cf-Space-Id:
      - u2viwgfeal0o
      Content-Type:
      - application/vnd.contentful.management.v1+json
      Date:
      - Wed, 20 Jan 2016 13:08:50 GMT
      Etag:
      - '"e11a8bf8ef40d9d9614dfa3e0eb5b267"'
      Server:
      - nginx
      Strict-Transport-Security:
      - max-age=15768000
      X-Content-Type-Options:
      - nosniff
      X-Contentful-Request-Id:
      - content-api:2E8yeWkHVuIE6WIm8KoQgw
      X-Powered-By:
      - Express
      Content-Length:
      - '1156'
      Connection:
      - Close
    body:
      encoding: UTF-8
      string: |
        {
          "fields": {
            "name": {
              "en-GB": "Test With Already Populated Field"
            },
            "value": {
              "en-GB": "hello"
            }
          },
          "sys": {
            "id": "fIpsfQSOd22IsqMQCiG0K",
            "type": "Entry",
            "createdAt": "2016-01-19T13:51:58.820Z",
            "createdBy": {
              "sys": {
                "type": "Link",
                "linkType": "User",
                "id": "4SejVrWT96dvL9IV4Nb7sQ"
              }
            },
            "space": {
              "sys": {
                "type": "Link",
                "linkType": "Space",
                "id": "u2viwgfeal0o"
              }
            },
            "contentType": {
              "sys": {
                "type": "Link",
                "linkType": "ContentType",
                "id": "someType"
              }
            },
            "firstPublishedAt": "2016-01-19T13:52:13.524Z",
            "publishedCounter": 4,
            "publishedAt": "2016-01-20T12:56:25.148Z",
            "publishedBy": {
              "sys": {
                "type": "Link",
                "linkType": "User",
                "id": "4SejVrWT96dvL9IV4Nb7sQ"
              }
            },
            "publishedVersion": 40,
            "version": 41,
            "updatedAt": "2016-01-20T12:56:25.160Z",
            "updatedBy": {
              "sys": {
                "type": "Link",
                "linkType": "User",
                "id": "4SejVrWT96dvL9IV4Nb7sQ"
              }
            }
          }
        }
    http_version: 
  recorded_at: Wed, 20 Jan 2016 13:08:50 GMT
- request:
    method: get
    uri: https://api.contentful.com/spaces/u2viwgfeal0o/environments/master/content_types/someType
    body:
      encoding: US-ASCII
      string: ''
    headers:
      User-Agent:
      - RubyContentfulManagementGem/0.7.3
      Authorization:
      - Bearer <ACCESS_TOKEN>
      Content-Type:
      - application/vnd.contentful.management.v1+json
      Content-Length:
      - '0'
      Connection:
      - close
      Host:
      - api.contentful.com
  response:
    status:
      code: 200
      message: OK
    headers:
      Access-Control-Allow-Headers:
      - Accept,Accept-Language,Authorization,Cache-Control,Content-Length,Content-Range,Content-Type,DNT,Destination,Expires,If-Match,If-Modified-Since,If-None-Match,Keep-Alive,Last-Modified,Origin,Pragma,Range,User-Agent,X-Http-Method-Override,X-Mx-ReqToken,X-Requested-With,X-Contentful-Version,X-Contentful-Content-Type,X-Contentful-Organization,X-Contentful-Skip-Transformation
      Access-Control-Allow-Methods:
      - DELETE,GET,HEAD,POST,PUT,OPTIONS
      Access-Control-Allow-Origin:
      - "*"
      Access-Control-Expose-Headers:
      - Etag
      Access-Control-Max-Age:
      - '1728000'
      Cf-Space-Id:
      - u2viwgfeal0o
      Content-Type:
      - application/vnd.contentful.management.v1+json
      Date:
      - Wed, 20 Jan 2016 13:08:51 GMT
      Etag:
      - '"720d932d152cc930127c0ca782759540"'
      Server:
      - nginx
      Strict-Transport-Security:
      - max-age=15768000
      X-Content-Type-Options:
      - nosniff
      X-Contentful-Request-Id:
      - content-api:6kniEz4MdqwGIyu0GSYayM
      X-Powered-By:
      - Express
      Content-Length:
      - '1172'
      Connection:
      - Close
    body:
      encoding: UTF-8
      string: |
        {
          "name": "SomeType",
          "fields": [
            {
              "name": "name",
              "id": "name",
              "type": "Symbol"
            },
            {
              "name": "value",
              "id": "value",
              "type": "Symbol",
              "localized": true,
              "validations": []
            }
          ],
          "description": "",
          "displayField": "name",
          "sys": {
            "id": "someType",
            "type": "ContentType",
            "createdAt": "2015-12-07T13:32:02.610Z",
            "createdBy": {
              "sys": {
                "type": "Link",
                "linkType": "User",
                "id": "4SejVrWT96dvL9IV4Nb7sQ"
              }
            },
            "space": {
              "sys": {
                "type": "Link",
                "linkType": "Space",
                "id": "u2viwgfeal0o"
              }
            },
            "firstPublishedAt": "2015-12-07T13:32:03.012Z",
            "publishedCounter": 2,
            "publishedAt": "2015-12-07T13:36:35.994Z",
            "publishedBy": {
              "sys": {
                "type": "Link",
                "linkType": "User",
                "id": "4SejVrWT96dvL9IV4Nb7sQ"
              }
            },
            "publishedVersion": 4,
            "version": 5,
            "updatedAt": "2015-12-07T13:36:36.026Z",
            "updatedBy": {
              "sys": {
                "type": "Link",
                "linkType": "User",
                "id": "4SejVrWT96dvL9IV4Nb7sQ"
              }
            }
          }
        }
    http_version: 
  recorded_at: Wed, 20 Jan 2016 13:08:51 GMT
- request:
    method: put
    uri: https://api.contentful.com/spaces/u2viwgfeal0o/environments/master/entries/fIpsfQSOd22IsqMQCiG0K
    body:
      encoding: UTF-8
      string: '{"fields":{"name":{"en-GB":"Test With Already Populated Field"},"value":{"en-GB":"goodbye"}}}'
    headers:
      User-Agent:
      - RubyContentfulManagementGem/0.7.3
      Authorization:
      - Bearer <ACCESS_TOKEN>
      Content-Type:
      - application/vnd.contentful.management.v1+json
      X-Contentful-Version:
      - '41'
      Connection:
      - close
      Host:
      - api.contentful.com
  response:
    status:
      code: 200
      message: OK
    headers:
      Access-Control-Allow-Headers:
      - Accept,Accept-Language,Authorization,Cache-Control,Content-Length,Content-Range,Content-Type,DNT,Destination,Expires,If-Match,If-Modified-Since,If-None-Match,Keep-Alive,Last-Modified,Origin,Pragma,Range,User-Agent,X-Http-Method-Override,X-Mx-ReqToken,X-Requested-With,X-Contentful-Version,X-Contentful-Content-Type,X-Contentful-Organization,X-Contentful-Skip-Transformation
      Access-Control-Allow-Methods:
      - DELETE,GET,HEAD,POST,PUT,OPTIONS
      Access-Control-Allow-Origin:
      - "*"
      Access-Control-Expose-Headers:
      - Etag
      Access-Control-Max-Age:
      - '1728000'
      Cf-Space-Id:
      - u2viwgfeal0o
      Content-Type:
      - application/vnd.contentful.management.v1+json
      Date:
      - Wed, 20 Jan 2016 13:08:52 GMT
      Etag:
      - '"a77256fafa83cbb0f423d4a51296aa5a"'
      Server:
      - nginx
      Strict-Transport-Security:
      - max-age=15768000
      X-Content-Type-Options:
      - nosniff
      X-Contentful-Request-Id:
      - content-api:3AulUtI66ImSEucYE8yqyS
      X-Powered-By:
      - Express
      Content-Length:
      - '1158'
      Connection:
      - Close
    body:
      encoding: UTF-8
      string: |
        {
          "fields": {
            "name": {
              "en-GB": "Test With Already Populated Field"
            },
            "value": {
              "en-GB": "goodbye"
            }
          },
          "sys": {
            "id": "fIpsfQSOd22IsqMQCiG0K",
            "type": "Entry",
            "createdAt": "2016-01-19T13:51:58.820Z",
            "createdBy": {
              "sys": {
                "type": "Link",
                "linkType": "User",
                "id": "4SejVrWT96dvL9IV4Nb7sQ"
              }
            },
            "space": {
              "sys": {
                "type": "Link",
                "linkType": "Space",
                "id": "u2viwgfeal0o"
              }
            },
            "contentType": {
              "sys": {
                "type": "Link",
                "linkType": "ContentType",
                "id": "someType"
              }
            },
            "firstPublishedAt": "2016-01-19T13:52:13.524Z",
            "publishedCounter": 4,
            "publishedAt": "2016-01-20T12:56:25.148Z",
            "publishedBy": {
              "sys": {
                "type": "Link",
                "linkType": "User",
                "id": "4SejVrWT96dvL9IV4Nb7sQ"
              }
            },
            "publishedVersion": 40,
            "version": 42,
            "updatedAt": "2016-01-20T13:08:52.486Z",
            "updatedBy": {
              "sys": {
                "type": "Link",
                "linkType": "User",
                "id": "4SejVrWT96dvL9IV4Nb7sQ"
              }
            }
          }
        }
    http_version: 
  recorded_at: Wed, 20 Jan 2016 13:08:52 GMT
- request:
    method: put
    uri: https://api.contentful.com/spaces/u2viwgfeal0o/environments/master/entries/fIpsfQSOd22IsqMQCiG0K/published
    body:
      encoding: US-ASCII
      string: ''
    headers:
      User-Agent:
      - RubyContentfulManagementGem/0.7.3
      Authorization:
      - Bearer <ACCESS_TOKEN>
      Content-Type:
      - application/vnd.contentful.management.v1+json
      X-Contentful-Version:
      - '42'
      Content-Length:
      - '0'
      Connection:
      - close
      Host:
      - api.contentful.com
  response:
    status:
      code: 200
      message: OK
    headers:
      Access-Control-Allow-Headers:
      - Accept,Accept-Language,Authorization,Cache-Control,Content-Length,Content-Range,Content-Type,DNT,Destination,Expires,If-Match,If-Modified-Since,If-None-Match,Keep-Alive,Last-Modified,Origin,Pragma,Range,User-Agent,X-Http-Method-Override,X-Mx-ReqToken,X-Requested-With,X-Contentful-Version,X-Contentful-Content-Type,X-Contentful-Organization,X-Contentful-Skip-Transformation
      Access-Control-Allow-Methods:
      - DELETE,GET,HEAD,POST,PUT,OPTIONS
      Access-Control-Allow-Origin:
      - "*"
      Access-Control-Expose-Headers:
      - Etag
      Access-Control-Max-Age:
      - '1728000'
      Cf-Space-Id:
      - u2viwgfeal0o
      Content-Type:
      - application/vnd.contentful.management.v1+json
      Date:
      - Wed, 20 Jan 2016 13:08:53 GMT
      Etag:
      - '"de2df7acec58354d6f499341c2b9ac95"'
      Server:
      - nginx
      Strict-Transport-Security:
      - max-age=15768000
      X-Content-Type-Options:
      - nosniff
      X-Contentful-Request-Id:
      - content-api:2hCseb3O40MayigS8SCu6C
      X-Powered-By:
      - Express
      Content-Length:
      - '1158'
      Connection:
      - Close
    body:
      encoding: UTF-8
      string: |
        {
          "fields": {
            "name": {
              "en-GB": "Test With Already Populated Field"
            },
            "value": {
              "en-GB": "goodbye"
            }
          },
          "sys": {
            "id": "fIpsfQSOd22IsqMQCiG0K",
            "type": "Entry",
            "createdAt": "2016-01-19T13:51:58.820Z",
            "createdBy": {
              "sys": {
                "type": "Link",
                "linkType": "User",
                "id": "4SejVrWT96dvL9IV4Nb7sQ"
              }
            },
            "space": {
              "sys": {
                "type": "Link",
                "linkType": "Space",
                "id": "u2viwgfeal0o"
              }
            },
            "contentType": {
              "sys": {
                "type": "Link",
                "linkType": "ContentType",
                "id": "someType"
              }
            },
            "firstPublishedAt": "2016-01-19T13:52:13.524Z",
            "publishedCounter": 5,
            "publishedAt": "2016-01-20T13:08:53.229Z",
            "publishedBy": {
              "sys": {
                "type": "Link",
                "linkType": "User",
                "id": "4SejVrWT96dvL9IV4Nb7sQ"
              }
            },
            "publishedVersion": 42,
            "version": 43,
            "updatedAt": "2016-01-20T13:08:53.229Z",
            "updatedBy": {
              "sys": {
                "type": "Link",
                "linkType": "User",
                "id": "4SejVrWT96dvL9IV4Nb7sQ"
              }
            }
          }
        }
    http_version: 
  recorded_at: Wed, 20 Jan 2016 13:08:53 GMT
- request:
    method: put
    uri: https://api.contentful.com/spaces/u2viwgfeal0o/environments/master/entries/fIpsfQSOd22IsqMQCiG0K
    body:
      encoding: UTF-8
      string: '{"fields":{"name":{"en-GB":"Test With Already Populated Field"},"value":{"en-GB":"hello"}}}'
    headers:
      User-Agent:
      - RubyContentfulManagementGem/0.7.3
      Authorization:
      - Bearer <ACCESS_TOKEN>
      Content-Type:
      - application/vnd.contentful.management.v1+json
      X-Contentful-Version:
      - '43'
      Connection:
      - close
      Host:
      - api.contentful.com
  response:
    status:
      code: 200
      message: OK
    headers:
      Access-Control-Allow-Headers:
      - Accept,Accept-Language,Authorization,Cache-Control,Content-Length,Content-Range,Content-Type,DNT,Destination,Expires,If-Match,If-Modified-Since,If-None-Match,Keep-Alive,Last-Modified,Origin,Pragma,Range,User-Agent,X-Http-Method-Override,X-Mx-ReqToken,X-Requested-With,X-Contentful-Version,X-Contentful-Content-Type,X-Contentful-Organization,X-Contentful-Skip-Transformation
      Access-Control-Allow-Methods:
      - DELETE,GET,HEAD,POST,PUT,OPTIONS
      Access-Control-Allow-Origin:
      - "*"
      Access-Control-Expose-Headers:
      - Etag
      Access-Control-Max-Age:
      - '1728000'
      Cf-Space-Id:
      - u2viwgfeal0o
      Content-Type:
      - application/vnd.contentful.management.v1+json
      Date:
      - Wed, 20 Jan 2016 13:08:54 GMT
      Etag:
      - '"b6b6069a43780ab116125dc79e8d886a"'
      Server:
      - nginx
      Strict-Transport-Security:
      - max-age=15768000
      X-Content-Type-Options:
      - nosniff
      X-Contentful-Request-Id:
      - content-api:33TN5NuIRyeQ8ysYWkYK8S
      X-Powered-By:
      - Express
      Content-Length:
      - '1156'
      Connection:
      - Close
    body:
      encoding: UTF-8
      string: |
        {
          "fields": {
            "name": {
              "en-GB": "Test With Already Populated Field"
            },
            "value": {
              "en-GB": "hello"
            }
          },
          "sys": {
            "id": "fIpsfQSOd22IsqMQCiG0K",
            "type": "Entry",
            "createdAt": "2016-01-19T13:51:58.820Z",
            "createdBy": {
              "sys": {
                "type": "Link",
                "linkType": "User",
                "id": "4SejVrWT96dvL9IV4Nb7sQ"
              }
            },
            "space": {
              "sys": {
                "type": "Link",
                "linkType": "Space",
                "id": "u2viwgfeal0o"
              }
            },
            "contentType": {
              "sys": {
                "type": "Link",
                "linkType": "ContentType",
                "id": "someType"
              }
            },
            "firstPublishedAt": "2016-01-19T13:52:13.524Z",
            "publishedCounter": 5,
            "publishedAt": "2016-01-20T13:08:53.229Z",
            "publishedBy": {
              "sys": {
                "type": "Link",
                "linkType": "User",
                "id": "4SejVrWT96dvL9IV4Nb7sQ"
              }
            },
            "publishedVersion": 42,
            "version": 44,
            "updatedAt": "2016-01-20T13:08:54.330Z",
            "updatedBy": {
              "sys": {
                "type": "Link",
                "linkType": "User",
                "id": "4SejVrWT96dvL9IV4Nb7sQ"
              }
            }
          }
        }
    http_version: 
  recorded_at: Wed, 20 Jan 2016 13:08:54 GMT
- request:
    method: put
    uri: https://api.contentful.com/spaces/u2viwgfeal0o/environments/master/entries/fIpsfQSOd22IsqMQCiG0K/published
    body:
      encoding: US-ASCII
      string: ''
    headers:
      User-Agent:
      - RubyContentfulManagementGem/0.7.3
      Authorization:
      - Bearer <ACCESS_TOKEN>
      Content-Type:
      - application/vnd.contentful.management.v1+json
      X-Contentful-Version:
      - '44'
      Content-Length:
      - '0'
      Connection:
      - close
      Host:
      - api.contentful.com
  response:
    status:
      code: 200
      message: OK
    headers:
      Access-Control-Allow-Headers:
      - Accept,Accept-Language,Authorization,Cache-Control,Content-Length,Content-Range,Content-Type,DNT,Destination,Expires,If-Match,If-Modified-Since,If-None-Match,Keep-Alive,Last-Modified,Origin,Pragma,Range,User-Agent,X-Http-Method-Override,X-Mx-ReqToken,X-Requested-With,X-Contentful-Version,X-Contentful-Content-Type,X-Contentful-Organization,X-Contentful-Skip-Transformation
      Access-Control-Allow-Methods:
      - DELETE,GET,HEAD,POST,PUT,OPTIONS
      Access-Control-Allow-Origin:
      - "*"
      Access-Control-Expose-Headers:
      - Etag
      Access-Control-Max-Age:
      - '1728000'
      Cf-Space-Id:
      - u2viwgfeal0o
      Content-Type:
      - application/vnd.contentful.management.v1+json
      Date:
      - Wed, 20 Jan 2016 13:08:55 GMT
      Etag:
      - '"d4734b5145cad39b4ede4b0be354e816"'
      Server:
      - nginx
      Strict-Transport-Security:
      - max-age=15768000
      X-Content-Type-Options:
      - nosniff
      X-Contentful-Request-Id:
      - content-api:3DIb46y3bGCW2UEI4sqSwu
      X-Powered-By:
      - Express
      Content-Length:
      - '1156'
      Connection:
      - Close
    body:
      encoding: UTF-8
      string: |
        {
          "fields": {
            "name": {
              "en-GB": "Test With Already Populated Field"
            },
            "value": {
              "en-GB": "hello"
            }
          },
          "sys": {
            "id": "fIpsfQSOd22IsqMQCiG0K",
            "type": "Entry",
            "createdAt": "2016-01-19T13:51:58.820Z",
            "createdBy": {
              "sys": {
                "type": "Link",
                "linkType": "User",
                "id": "4SejVrWT96dvL9IV4Nb7sQ"
              }
            },
            "space": {
              "sys": {
                "type": "Link",
                "linkType": "Space",
                "id": "u2viwgfeal0o"
              }
            },
            "contentType": {
              "sys": {
                "type": "Link",
                "linkType": "ContentType",
                "id": "someType"
              }
            },
            "firstPublishedAt": "2016-01-19T13:52:13.524Z",
            "publishedCounter": 6,
            "publishedAt": "2016-01-20T13:08:55.061Z",
            "publishedBy": {
              "sys": {
                "type": "Link",
                "linkType": "User",
                "id": "4SejVrWT96dvL9IV4Nb7sQ"
              }
            },
            "publishedVersion": 44,
            "version": 45,
            "updatedAt": "2016-01-20T13:08:55.061Z",
            "updatedBy": {
              "sys": {
                "type": "Link",
                "linkType": "User",
                "id": "4SejVrWT96dvL9IV4Nb7sQ"
              }
            }
          }
        }
    http_version: 
  recorded_at: Wed, 20 Jan 2016 13:08:55 GMT
recorded_with: VCR 2.9.3
